SELECT sorted_array_to_median('{}'::float[]);
 sorted_array_to_median 
------------------------
                       
(1 row)

SELECT sorted_array_to_median('{0,1,1,2,5}'::smallint[]);
 sorted_array_to_median 
------------------------
                      1
(1 row)

SELECT sorted_array_to_median('{0,1,1,2,5}'::integer[]);
 sorted_array_to_median 
------------------------
                      1
(1 row)

SELECT sorted_array_to_median('{0,1,1,2,5}'::bigint[]);
 sorted_array_to_median 
------------------------
                      1
(1 row)

SELECT sorted_array_to_median('{0,1,1,2,5}'::real[]);
 sorted_array_to_median 
------------------------
                      1
(1 row)

SELECT sorted_array_to_median('{0,1,1,2,5}'::float[]);
 sorted_array_to_median 
------------------------
                      1
(1 row)

SELECT sorted_array_to_median('{0,1,1,2,5}'::text[]);
ERROR:  Median subject must be SMALLINT, INTEGER, BIGINT, REAL, or DOUBLE PRECISION values
SELECT sorted_array_to_median('{0,1,1,2,2,5}'::smallint[]);
 sorted_array_to_median 
------------------------
                    1.5
(1 row)

SELECT sorted_array_to_median('{0,1,1,2,2,5}'::integer[]);
 sorted_array_to_median 
------------------------
                    1.5
(1 row)

SELECT sorted_array_to_median('{0,1,1,2,2,5}'::bigint[]);
 sorted_array_to_median 
------------------------
                    1.5
(1 row)

SELECT sorted_array_to_median('{0,1,1,2,2,5}'::real[]);
 sorted_array_to_median 
------------------------
                    1.5
(1 row)

SELECT sorted_array_to_median('{0,1,1,2,2,5}'::float[]);
 sorted_array_to_median 
------------------------
                    1.5
(1 row)

